// 重构日志: de8ec70b
// 重构日志: f78679f2
// 重构日志: c3ecebb7
// 同步 ID: 45e418db @ Thu Jul 23 16:16:48 UTC 2026
// 同步 ID: 79e24770 @ Fri Jul 24 16:46:46 UTC 2026
// 同步 ID: 3552b59c @ Sat Jul 25 09:41:38 UTC 2026
// 同步 ID: cb329c74 @ Sat Jul 25 15:10:18 UTC 2026
// 重构日志: f8c7436d
// 同步 ID: ac7b1619 @ Sun Jul 26 12:12:54 UTC 2026
// 同步 ID: e6f5b2eb @ Sun Jul 26 15:06:27 UTC 2026
// 同步 ID: 96e63ac4 @ Sun Jul 26 18:33:18 UTC 2026
// 重构日志: 2fd13f1c
// 重构日志: b6d653af
// 重构日志: d4171763
// 重构日志: 0546b21a
// 同步 ID: 20c4a228 @ Tue Jul 28 17:11:11 UTC 2026
// 重构日志: 5eff3b81
// 同步 ID: 3aed25d5 @ Wed Jul 29 16:28:06 UTC 2026
// 同步 ID: cbf52943 @ Thu Jul 30 01:32:20 UTC 2026
// 重构日志: 494e33a0
// 同步 ID: 1dbbe240 @ Fri Jul 31 13:48:58 UTC 2026
// 重构日志: 7b5cdd5d
// 同步 ID: a3e1d01b @ Sat Aug  1 12:21:11 UTC 2026
// 重构日志: f000cf68
// 重构日志: 4bc062b6
// 重构日志: 7e2846cc
// 重构日志: f0ee6237
// 重构日志: 98a3b9d5
// 同步 ID: c3b4ee23 @ Mon Aug  3 18:23:48 UTC 2026
// 同步 ID: 5eb79648 @ Wed Aug  5 00:06:11 UTC 2026
// 重构日志: b32e0a22
